2020/04/16 23:14:08 main.go:134: Exit open fidfdfdf: no such file or directory
2020/04/16 23:14:45 /Users/keita/go/src/awesomeProject/main.go:135: Exit open fidfdfdf: no such file or directory
2020/04/16 23:28:48 /Users/keita/go/src/awesomeProject/main.go:135: Exit open fidfdfdf: no such file or directory
